
> mymbaadmission@0.1.0 build
> next build

Γû▓ Next.js 16.1.2 (Turbopack)
- Environments: .env

  Creating an optimized production build ...
Γ£ô Compiled successfully in 19.8s
  Running TypeScript ...
node.exe : Failed to compile.
At line:1 char:1
+ & "C:\Program Files\nodejs/node.exe" "C:\Program Files\nodejs/node_mo ...
+ ~~~~~~~~~~~~~~~~~~~~~~~~~~~~~~~~~~~~~~~~~~~~~~~~~~~~~~~~~~~~~~~~~~~~~
    + CategoryInfo          : NotSpecified: (Failed to compile.:String) [], Re 
   moteException
    + FullyQualifiedErrorId : NativeCommandError
 

./app/(main)/colleges/page.tsx:148:53
Type error: Type 'college' is not assignable to type 'College'.
  Types of property 'short_name' are incompatible.
    Type 'string | undefined' is not assignable to type 'string'.
      Type 'undefined' is not assignable to type 'string'.

[0m [90m 146 |[39m           [33m<[39m[33mdiv[39m 
className[33m=[39m[32m"grid grid-cols-1 md:grid-cols-2 lg:grid-cols-3 
xl:grid-cols-4 gap-8"[39m[33m>[39m
 [90m 147 |[39m             {filteredColleges[33m.[39mmap((college) 
[33m=>[39m (
[31m[1m>[22m[39m[90m 148 |[39m               
[33m<[39m[33mCollegeCard[39m key[33m=[39m{college[33m.[39mcollege_id} 
college[33m=[39m{college} [33m/[39m[33m>[39m
 [90m     |[39m                                                     
[31m[1m^[22m[39m
 [90m 149 |[39m             ))}
 [90m 150 |[39m           [33m<[39m[33m/[39m[33mdiv[39m[33m>[39m
 [90m 151 |[39m         ) [33m:[39m ([0m
Next.js build worker exited with code: 1 and signal: null
